args
Bjarne
checkmark
computable
constexpr
cppreference
decltype
Engelhart
EPUB
errno
expr
Florian
fmt
func
Furst
Hyland
IDEs
JC
Krathwohl
ness
noexcept
NRVO
req
RVO
Sattler
SFINAE
SG
Stroustrup
struct
udl
UDL
UDLs
ver
Winkel
Hinnant
Vandevoorde
